// Vitest Snapshot v1, https://vitest.dev/guide/snapshot.html

exports[`YAMLSourceCode > applyInlineConfig > should return problems 1`] = `
[
  {
    "loc": {
      "end": {
        "column": 22,
        "line": 3,
      },
      "start": {
        "column": 1,
        "line": 3,
      },
    },
    "message": "Failed to parse JSON from '"oogabooga": !': Unexpected token '!', "{"oogabooga": !}" is not valid JSON",
    "ruleId": null,
  },
]
`;
